[17:44:26.551] [INFO] storybook v10.5.10
[17:44:27.252] [ERROR] [38;2;241;97;97mSB_CORE-SERVER_0007 (MainFileEvaluationError): Storybook couldn't evaluate your [33m.storybook/main.ts[39m file.

Original error:
[37mError [ERR_MODULE_NOT_FOUND]: Cannot find package '@chromatic-com/storybook' imported from /.storybook/main.ts
    at Object.getPackageJSONURL (node:internal/modules/package_json_reader:301:9)
    at packageResolve (node:internal/modules/esm/resolve:764:81)
    at moduleResolve (node:internal/modules/esm/resolve:855:18)
    at defaultResolve (node:internal/modules/esm/resolve:988:11)
    at nextResolve (node:internal/modules/esm/hooks:785:28)
    at AsyncLoaderHooksOnLoaderHookWorker.resolve (node:internal/modules/esm/hooks:269:30)
    at MessagePort.handleMessage (node:internal/modules/esm/worker:251:24)
    at [nodejs.internal.kHybridDispatch] (node:internal/event_target:843:20)
    at MessagePort.<anonymous> (node:internal/per_context/messageport:23:28)[39m[39m
    at loadMainConfig (file://./node_modules/storybook/dist/_node-chunks/chunk-OKMX43Z2.js:14592:11)
    at async buildDevStandalone (file://./node_modules/storybook/dist/core-server/index.js:11910:16)
    at async withTelemetry (file://./node_modules/storybook/dist/_node-chunks/chunk-QEFGZ2NZ.js:1889:12)
    at async dev (file://./node_modules/storybook/dist/bin/core.js:3850:3)
    at async _Command.<anonymous> (file://./node_modules/storybook/dist/bin/core.js:3958:3)
[17:44:27.255] [WARN] Broken build, fix the error above.
You may need to refresh the browser.
[17:44:27.258] [WARN]   Failed to load preset: "/home/hasanirogers/Repos/kemet/apps/storybook/.storybook/main.ts"
[17:44:27.258] [ERROR] Error [ERR_MODULE_NOT_FOUND]: Cannot find package '@chromatic-com/storybook' imported from ./.storybook/main.ts
    at Object.getPackageJSONURL (node:internal/modules/package_json_reader:301:9)
    at packageResolve (node:internal/modules/esm/resolve:764:81)
    at moduleResolve (node:internal/modules/esm/resolve:855:18)
    at defaultResolve (node:internal/modules/esm/resolve:988:11)
    at nextResolve (node:internal/modules/esm/hooks:785:28)
    at AsyncLoaderHooksOnLoaderHookWorker.resolve (node:internal/modules/esm/hooks:269:30)
    at MessagePort.handleMessage (node:internal/modules/esm/worker:251:24)
    at [nodejs.internal.kHybridDispatch] (node:internal/event_target:843:20)
    at MessagePort.<anonymous> (node:internal/per_context/messageport:23:28)
[17:45:37.073] [PROMPT] Would you like to send anonymous crash reports to improve Storybook and fix bugs faster? {"choice":true}
[17:45:37.075] [INFO] Storybook collects completely anonymous usage telemetry. We use it to shape Storybook's roadmap and prioritize features. You can learn more, including how to opt out, at https://storybook.js.org/telemetry